src/app.ts(34,34): error TS1343: The 'import.meta' meta-property is only allowed when the '--module' option is 'es2020', 'es2022', 'esnext', 'system', 'node16', 'node18', 'node20', or 'nodenext'.
src/controllers/CatalogoController.ts(11,18): error TS2322: Type 'string | string[]' is not assignable to type 'string | undefined'.
  Type 'string[]' is not assignable to type 'string'.
src/controllers/CatalogoController.ts(20,18): error TS2322: Type 'string | string[]' is not assignable to type 'string | StringFilter<"Product"> | undefined'.
  Type 'string[]' is not assignable to type 'string | StringFilter<"Product"> | undefined'.
src/controllers/CatalogoController.ts(25,11): error TS2353: Object literal may only specify known properties, and 'corHexadecimal' does not exist in type 'ProductSelect<DefaultArgs>'.
src/controllers/DashboardController.ts(25,82): error TS2339: Property 'valorTotal' does not exist on type '{ id: string; storeId: string; userId: string; status: string; cashRegisterId: string | null; customerId: string | null; dataVenda: Date; valorTotalBruto: Decimal; valorDesconto: Decimal; valorTotalLiquido: Decimal; formaPagamento: string; valorSinal: Decimal; numeroParcelas: number; }'.
src/controllers/DashboardController.ts(65,27): error TS2339: Property 'valorTotal' does not exist on type '{ customer: { id: string; storeId: string; telefoneWhatsapp: string | null; nomeCompleto: string; cpf: string | null; cep: string | null; enderecoCompleto: string | null; aceitaMarketing: boolean; aceitaLembreteCobranca: boolean; } | null; } & { ...; }'.
src/controllers/OnboardingController.ts(29,9): error TS2322: Type '{ nomeFantasia: any; telefoneWhatsapp: any; emailContato: any; }' is not assignable to type '(Without<StoreCreateInput, StoreUncheckedCreateInput> & StoreUncheckedCreateInput) | (Without<...> & StoreCreateInput)'.
  Type '{ nomeFantasia: any; telefoneWhatsapp: any; emailContato: any; }' is not assignable to type 'Without<StoreUncheckedCreateInput, StoreCreateInput> & StoreCreateInput'.
    Property 'control' is missing in type '{ nomeFantasia: any; telefoneWhatsapp: any; emailContato: any; }' but required in type 'StoreCreateInput'.
src/controllers/OnboardingController.ts(40,11): error TS2353: Object literal may only specify known properties, and 'senha' does not exist in type '(Without<UserCreateInput, UserUncheckedCreateInput> & UserUncheckedCreateInput) | (Without<...> & UserCreateInput)'.
src/controllers/OnboardingController.ts(53,11): error TS2353: Object literal may only specify known properties, and 'storeId' does not exist in type '(Without<SubscriptionCreateInput, SubscriptionUncheckedCreateInput> & SubscriptionUncheckedCreateInput) | (Without<...> & SubscriptionCreateInput)'.
src/controllers/SaleController.ts(79,45): error TS2339: Property 'custoFinal' does not exist on type '{ id: string; nome: string; storeId: string; status: string; categoryId: string; codigoBarrasEan: string | null; descricaoVariante: string | null; precoCusto: Decimal; precoVendaSugerido: Decimal; impostoEstimadoPercentual: Decimal; qtdEstoqueAtual: Decimal; }'.
src/controllers/SettingsController.ts(76,18): error TS2353: Object literal may only specify known properties, and 'storeId' does not exist in type 'UserWhereInput'.
src/controllers/SettingsController.ts(83,11): error TS2353: Object literal may only specify known properties, and 'permiteVendaPrazo' does not exist in type 'UserSelect<DefaultArgs>'.
src/controllers/SubscriptionController.ts(16,11): error TS2353: Object literal may only specify known properties, and 'tenant' does not exist in type 'SubscriptionInclude<DefaultArgs>'.
src/controllers/SubscriptionController.ts(35,18): error TS2353: Object literal may only specify known properties, and 'storeId' does not exist in type 'SubscriptionWhereInput'.
src/controllers/SubscriptionController.ts(57,11): error TS2353: Object literal may only specify known properties, and 'storeId' does not exist in type '(Without<SubscriptionCreateInput, SubscriptionUncheckedCreateInput> & SubscriptionUncheckedCreateInput) | (Without<...> & SubscriptionCreateInput)'.
src/controllers/SubscriptionController.ts(120,18): error TS2353: Object literal may only specify known properties, and 'storeId' does not exist in type 'SubscriptionWhereInput'.
src/controllers/SuperAdminController.ts(78,11): error TS2353: Object literal may only specify known properties, and 'subscriptions' does not exist in type 'StoreInclude<DefaultArgs>'.
src/controllers/SuperAdminController.ts(130,11): error TS2322: Type '{ nomeFantasia: any; cnpjCpf: any; nichoPrincipal: any; telefoneWhatsapp: any; emailContato: any; chavePix: any; status: string; }' is not assignable to type '(Without<StoreCreateInput, StoreUncheckedCreateInput> & StoreUncheckedCreateInput) | (Without<...> & StoreCreateInput)'.
  Type '{ nomeFantasia: any; cnpjCpf: any; nichoPrincipal: any; telefoneWhatsapp: any; emailContato: any; chavePix: any; status: string; }' is not assignable to type 'Without<StoreUncheckedCreateInput, StoreCreateInput> & StoreCreateInput'.
    Property 'control' is missing in type '{ nomeFantasia: any; cnpjCpf: any; nichoPrincipal: any; telefoneWhatsapp: any; emailContato: any; chavePix: any; status: string; }' but required in type 'StoreCreateInput'.
src/controllers/SuperAdminController.ts(158,13): error TS2353: Object literal may only specify known properties, and 'storeId' does not exist in type '(Without<SubscriptionCreateInput, SubscriptionUncheckedCreateInput> & SubscriptionUncheckedCreateInput) | (Without<...> & SubscriptionCreateInput)'.
src/controllers/SuperAdminController.ts(216,18): error TS2353: Object literal may only specify known properties, and 'storeId' does not exist in type 'UserWhereInput'.
src/controllers/SuperAdminController.ts(217,79): error TS2353: Object literal may only specify known properties, and 'permiteVendaPrazo' does not exist in type 'UserSelect<DefaultArgs>'.
src/controllers/SuperAdminController.ts(319,63): error TS2322: Type 'string | string[]' is not assignable to type 'string | undefined'.
  Type 'string[]' is not assignable to type 'string'.
src/controllers/SuperAdminController.ts(372,33): error TS2339: Property 'storeId' does not exist on type '{ id: string; email: string; nome: string; senhaHash: string; role: string; ativo: boolean; createdAt: Date; updatedAt: Date; }'.
src/scripts/seedUser.ts(18,7): error TS2322: Type '{ nomeFantasia: string; cnpjCpf: string; }' is not assignable to type '(Without<StoreCreateInput, StoreUncheckedCreateInput> & StoreUncheckedCreateInput) | (Without<...> & StoreCreateInput)'.
  Type '{ nomeFantasia: string; cnpjCpf: string; }' is not assignable to type 'Without<StoreUncheckedCreateInput, StoreCreateInput> & StoreCreateInput'.
    Property 'control' is missing in type '{ nomeFantasia: string; cnpjCpf: string; }' but required in type 'StoreCreateInput'.
